------------------------------------------------------------
Timing Analyzer Summary
------------------------------------------------------------

Type  : Slow 1200mV 85C Model Setup 'clk'
Slack : -4.036
TNS   : -56.169

Type  : Slow 1200mV 85C Model Setup 'frecuencia_5Hz:inst3|salida'
Slack : -3.179
TNS   : -137.027

Type  : Slow 1200mV 85C Model Hold 'frecuencia_5Hz:inst3|salida'
Slack : 0.453
TNS   : 0.000

Type  : Slow 1200mV 85C Model Hold 'clk'
Slack : 0.510
TNS   : 0.000

Type  : Slow 1200mV 85C Model Minimum Pulse Width 'clk'
Slack : -3.000
TNS   : -43.149

Type  : Slow 1200mV 85C Model Minimum Pulse Width 'frecuencia_5Hz:inst3|salida'
Slack : -1.487
TNS   : -95.168

Type  : Slow 1200mV 0C Model Setup 'clk'
Slack : -3.720
TNS   : -48.339

Type  : Slow 1200mV 0C Model Setup 'frecuencia_5Hz:inst3|salida'
Slack : -2.895
TNS   : -122.472

Type  : Slow 1200mV 0C Model Hold 'frecuencia_5Hz:inst3|salida'
Slack : 0.401
TNS   : 0.000

Type  : Slow 1200mV 0C Model Hold 'clk'
Slack : 0.471
TNS   : 0.000

Type  : Slow 1200mV 0C Model Minimum Pulse Width 'clk'
Slack : -3.000
TNS   : -43.149

Type  : Slow 1200mV 0C Model Minimum Pulse Width 'frecuencia_5Hz:inst3|salida'
Slack : -1.487
TNS   : -95.168

Type  : Fast 1200mV 0C Model Setup 'clk'
Slack : -1.259
TNS   : -10.048

Type  : Fast 1200mV 0C Model Setup 'frecuencia_5Hz:inst3|salida'
Slack : -0.787
TNS   : -24.017

Type  : Fast 1200mV 0C Model Hold 'frecuencia_5Hz:inst3|salida'
Slack : 0.187
TNS   : 0.000

Type  : Fast 1200mV 0C Model Hold 'clk'
Slack : 0.205
TNS   : 0.000

Type  : Fast 1200mV 0C Model Minimum Pulse Width 'clk'
Slack : -3.000
TNS   : -31.740

Type  : Fast 1200mV 0C Model Minimum Pulse Width 'frecuencia_5Hz:inst3|salida'
Slack : -1.000
TNS   : -64.000

------------------------------------------------------------
