------------------------------------------------------------
Timing Analyzer Summary
------------------------------------------------------------

Type  : Slow 1200mV 85C Model Setup 'frecuencia_5Hz:inst3|salida'
Slack : -22.369
TNS   : -1815.495

Type  : Slow 1200mV 85C Model Setup 'clk'
Slack : -3.958
TNS   : -57.083

Type  : Slow 1200mV 85C Model Hold 'frecuencia_5Hz:inst3|salida'
Slack : 0.453
TNS   : 0.000

Type  : Slow 1200mV 85C Model Hold 'clk'
Slack : 0.510
TNS   : 0.000

Type  : Slow 1200mV 85C Model Minimum Pulse Width 'clk'
Slack : -3.000
TNS   : -43.149

Type  : Slow 1200mV 85C Model Minimum Pulse Width 'frecuencia_5Hz:inst3|salida'
Slack : -1.487
TNS   : -364.315

Type  : Slow 1200mV 0C Model Setup 'frecuencia_5Hz:inst3|salida'
Slack : -20.460
TNS   : -1688.373

Type  : Slow 1200mV 0C Model Setup 'clk'
Slack : -3.673
TNS   : -49.096

Type  : Slow 1200mV 0C Model Hold 'frecuencia_5Hz:inst3|salida'
Slack : 0.402
TNS   : 0.000

Type  : Slow 1200mV 0C Model Hold 'clk'
Slack : 0.470
TNS   : 0.000

Type  : Slow 1200mV 0C Model Minimum Pulse Width 'clk'
Slack : -3.000
TNS   : -43.149

Type  : Slow 1200mV 0C Model Minimum Pulse Width 'frecuencia_5Hz:inst3|salida'
Slack : -1.487
TNS   : -364.315

Type  : Fast 1200mV 0C Model Setup 'frecuencia_5Hz:inst3|salida'
Slack : -9.053
TNS   : -673.997

Type  : Fast 1200mV 0C Model Setup 'clk'
Slack : -1.114
TNS   : -10.005

Type  : Fast 1200mV 0C Model Hold 'frecuencia_5Hz:inst3|salida'
Slack : 0.185
TNS   : 0.000

Type  : Fast 1200mV 0C Model Hold 'clk'
Slack : 0.205
TNS   : 0.000

Type  : Fast 1200mV 0C Model Minimum Pulse Width 'clk'
Slack : -3.000
TNS   : -31.755

Type  : Fast 1200mV 0C Model Minimum Pulse Width 'frecuencia_5Hz:inst3|salida'
Slack : -1.000
TNS   : -245.000

------------------------------------------------------------
