------------------------------------------------------------
Timing Analyzer Summary
------------------------------------------------------------

Type  : Slow 1200mV 85C Model Setup 'clk'
Slack : -7.432
TNS   : -1610.318

Type  : Slow 1200mV 85C Model Setup 'frecuencia_5Hz:inst4|salida'
Slack : -6.629
TNS   : -361.195

Type  : Slow 1200mV 85C Model Hold 'frecuencia_5Hz:inst4|salida'
Slack : 0.432
TNS   : 0.000

Type  : Slow 1200mV 85C Model Hold 'clk'
Slack : 0.453
TNS   : 0.000

Type  : Slow 1200mV 85C Model Minimum Pulse Width 'clk'
Slack : -3.000
TNS   : -655.793

Type  : Slow 1200mV 85C Model Minimum Pulse Width 'frecuencia_5Hz:inst4|salida'
Slack : -1.487
TNS   : -135.317

Type  : Slow 1200mV 0C Model Setup 'clk'
Slack : -6.672
TNS   : -1480.546

Type  : Slow 1200mV 0C Model Setup 'frecuencia_5Hz:inst4|salida'
Slack : -6.111
TNS   : -329.121

Type  : Slow 1200mV 0C Model Hold 'frecuencia_5Hz:inst4|salida'
Slack : 0.381
TNS   : 0.000

Type  : Slow 1200mV 0C Model Hold 'clk'
Slack : 0.401
TNS   : 0.000

Type  : Slow 1200mV 0C Model Minimum Pulse Width 'clk'
Slack : -3.000
TNS   : -655.793

Type  : Slow 1200mV 0C Model Minimum Pulse Width 'frecuencia_5Hz:inst4|salida'
Slack : -1.487
TNS   : -135.317

Type  : Fast 1200mV 0C Model Setup 'clk'
Slack : -2.631
TNS   : -452.640

Type  : Fast 1200mV 0C Model Setup 'frecuencia_5Hz:inst4|salida'
Slack : -2.288
TNS   : -107.717

Type  : Fast 1200mV 0C Model Hold 'frecuencia_5Hz:inst4|salida'
Slack : 0.178
TNS   : 0.000

Type  : Fast 1200mV 0C Model Hold 'clk'
Slack : 0.186
TNS   : 0.000

Type  : Fast 1200mV 0C Model Minimum Pulse Width 'clk'
Slack : -3.000
TNS   : -471.113

Type  : Fast 1200mV 0C Model Minimum Pulse Width 'frecuencia_5Hz:inst4|salida'
Slack : -1.000
TNS   : -91.000

------------------------------------------------------------
