------------------------------------------------------------
Timing Analyzer Summary
------------------------------------------------------------

Type  : Slow 1200mV 85C Model Setup 'clk'
Slack : -7.381
TNS   : -1582.155

Type  : Slow 1200mV 85C Model Setup 'frecuencia_5Hz:inst4|salida'
Slack : -6.836
TNS   : -304.018

Type  : Slow 1200mV 85C Model Hold 'clk'
Slack : 0.453
TNS   : 0.000

Type  : Slow 1200mV 85C Model Hold 'frecuencia_5Hz:inst4|salida'
Slack : 0.453
TNS   : 0.000

Type  : Slow 1200mV 85C Model Minimum Pulse Width 'clk'
Slack : -3.000
TNS   : -655.793

Type  : Slow 1200mV 85C Model Minimum Pulse Width 'frecuencia_5Hz:inst4|salida'
Slack : -1.487
TNS   : -127.882

Type  : Slow 1200mV 0C Model Setup 'clk'
Slack : -6.725
TNS   : -1453.415

Type  : Slow 1200mV 0C Model Setup 'frecuencia_5Hz:inst4|salida'
Slack : -6.312
TNS   : -275.120

Type  : Slow 1200mV 0C Model Hold 'clk'
Slack : 0.402
TNS   : 0.000

Type  : Slow 1200mV 0C Model Hold 'frecuencia_5Hz:inst4|salida'
Slack : 0.402
TNS   : 0.000

Type  : Slow 1200mV 0C Model Minimum Pulse Width 'clk'
Slack : -3.000
TNS   : -655.793

Type  : Slow 1200mV 0C Model Minimum Pulse Width 'frecuencia_5Hz:inst4|salida'
Slack : -1.487
TNS   : -127.882

Type  : Fast 1200mV 0C Model Setup 'clk'
Slack : -2.588
TNS   : -439.208

Type  : Fast 1200mV 0C Model Setup 'frecuencia_5Hz:inst4|salida'
Slack : -2.267
TNS   : -82.933

Type  : Fast 1200mV 0C Model Hold 'clk'
Slack : 0.186
TNS   : 0.000

Type  : Fast 1200mV 0C Model Hold 'frecuencia_5Hz:inst4|salida'
Slack : 0.187
TNS   : 0.000

Type  : Fast 1200mV 0C Model Minimum Pulse Width 'clk'
Slack : -3.000
TNS   : -470.906

Type  : Fast 1200mV 0C Model Minimum Pulse Width 'frecuencia_5Hz:inst4|salida'
Slack : -1.000
TNS   : -86.000

------------------------------------------------------------
