------------------------------------------------------------
Timing Analyzer Summary
------------------------------------------------------------

Type  : Slow 1200mV 85C Model Setup 'frecuencia_5Hz:inst5|salida'
Slack : -31.348
TNS   : -16809.673

Type  : Slow 1200mV 85C Model Setup 'clock'
Slack : -8.162
TNS   : -1435.732

Type  : Slow 1200mV 85C Model Hold 'frecuencia_5Hz:inst5|salida'
Slack : 0.433
TNS   : 0.000

Type  : Slow 1200mV 85C Model Hold 'clock'
Slack : 0.452
TNS   : 0.000

Type  : Slow 1200mV 85C Model Minimum Pulse Width 'clock'
Slack : -3.000
TNS   : -655.793

Type  : Slow 1200mV 85C Model Minimum Pulse Width 'frecuencia_5Hz:inst5|salida'
Slack : -1.487
TNS   : -2520.465

Type  : Slow 1200mV 0C Model Setup 'frecuencia_5Hz:inst5|salida'
Slack : -28.696
TNS   : -15889.946

Type  : Slow 1200mV 0C Model Setup 'clock'
Slack : -7.353
TNS   : -1316.508

Type  : Slow 1200mV 0C Model Hold 'frecuencia_5Hz:inst5|salida'
Slack : 0.382
TNS   : 0.000

Type  : Slow 1200mV 0C Model Hold 'clock'
Slack : 0.401
TNS   : 0.000

Type  : Slow 1200mV 0C Model Minimum Pulse Width 'clock'
Slack : -3.000
TNS   : -655.793

Type  : Slow 1200mV 0C Model Minimum Pulse Width 'frecuencia_5Hz:inst5|salida'
Slack : -1.487
TNS   : -2520.465

Type  : Fast 1200mV 0C Model Setup 'frecuencia_5Hz:inst5|salida'
Slack : -12.866
TNS   : -6747.885

Type  : Fast 1200mV 0C Model Setup 'clock'
Slack : -2.891
TNS   : -372.045

Type  : Fast 1200mV 0C Model Hold 'frecuencia_5Hz:inst5|salida'
Slack : 0.178
TNS   : 0.000

Type  : Fast 1200mV 0C Model Hold 'clock'
Slack : 0.186
TNS   : 0.000

Type  : Fast 1200mV 0C Model Minimum Pulse Width 'clock'
Slack : -3.000
TNS   : -470.909

Type  : Fast 1200mV 0C Model Minimum Pulse Width 'frecuencia_5Hz:inst5|salida'
Slack : -1.000
TNS   : -1695.000

------------------------------------------------------------
